components/PlayerDashboard.tsx(990,17): error TS2322: Type '({ flexDirection: "row"; alignItems: "center"; backgroundColor: string; borderRadius: number; borderWidth: number; borderColor: string; marginBottom: number; overflow: "hidden"; paddingRight: number; } | { ...; })[]' is not assignable to type 'ViewStyle'.
  Types of property 'filter' are incompatible.
    Type '{ <S extends { flexDirection: "row"; alignItems: "center"; backgroundColor: string; borderRadius: number; borderWidth: number; borderColor: string; marginBottom: number; overflow: "hidden"; paddingRight: number; } | { ...; }>(predicate: (value: { ...; } | { ...; }, index: number, array: ({ ...; } | { ...; })[]) => v...' is not assignable to type 'string | readonly FilterFunction[] | undefined'.
components/PlayerDashboard.tsx(1404,17): error TS2322: Type '({ flexDirection: "row"; alignItems: "center"; gap: number; paddingHorizontal: number; paddingVertical: number; borderRadius: number; } | { backgroundColor: string; })[]' is not assignable to type 'ViewStyle'.
  Types of property 'filter' are incompatible.
    Type '{ <S extends { flexDirection: "row"; alignItems: "center"; gap: number; paddingHorizontal: number; paddingVertical: number; borderRadius: number; } | { backgroundColor: string; }>(predicate: (value: { flexDirection: "row"; ... 4 more ...; borderRadius: number; } | { ...; }, index: number, array: ({ ...; } | { ...; }...' is not assignable to type 'string | readonly FilterFunction[] | undefined'.
components/PlayerDashboard.tsx(1411,17): error TS2322: Type '({ flexDirection: "row"; alignItems: "center"; gap: number; paddingHorizontal: number; paddingVertical: number; borderRadius: number; } | { backgroundColor: string; })[]' is not assignable to type 'ViewStyle'.
  Types of property 'filter' are incompatible.
    Type '{ <S extends { flexDirection: "row"; alignItems: "center"; gap: number; paddingHorizontal: number; paddingVertical: number; borderRadius: number; } | { backgroundColor: string; }>(predicate: (value: { flexDirection: "row"; ... 4 more ...; borderRadius: number; } | { ...; }, index: number, array: ({ ...; } | { ...; }...' is not assignable to type 'string | readonly FilterFunction[] | undefined'.
components/PlayerDashboard.tsx(1434,26): error TS2322: Type '({ width: number; height: number; backgroundColor: string; borderRadius: number; borderWidth: number; borderColor: string; justifyContent: "center"; alignItems: "center"; gap: number; } | { backgroundColor: string; borderColor: string; })[]' is not assignable to type 'ViewStyle'.
  Types of property 'filter' are incompatible.
    Type '{ <S extends { width: number; height: number; backgroundColor: string; borderRadius: number; borderWidth: number; borderColor: string; justifyContent: "center"; alignItems: "center"; gap: number; } | { ...; }>(predicate: (value: { ...; } | { ...; }, index: number, array: ({ ...; } | { ...; })[]) => value is S, thisA...' is not assignable to type 'string | readonly FilterFunction[] | undefined'.
components/PlayerDashboard.tsx(1438,26): error TS2322: Type '({ width: number; height: number; backgroundColor: string; borderRadius: number; borderWidth: number; borderColor: string; justifyContent: "center"; alignItems: "center"; gap: number; } | { backgroundColor: string; borderColor: string; })[]' is not assignable to type 'ViewStyle'.
  Types of property 'filter' are incompatible.
    Type '{ <S extends { width: number; height: number; backgroundColor: string; borderRadius: number; borderWidth: number; borderColor: string; justifyContent: "center"; alignItems: "center"; gap: number; } | { ...; }>(predicate: (value: { ...; } | { ...; }, index: number, array: ({ ...; } | { ...; })[]) => value is S, thisA...' is not assignable to type 'string | readonly FilterFunction[] | undefined'.
components/PlayerDashboard.tsx(1442,26): error TS2322: Type '({ width: number; height: number; backgroundColor: string; borderRadius: number; borderWidth: number; borderColor: string; justifyContent: "center"; alignItems: "center"; gap: number; } | { backgroundColor: string; borderColor: string; })[]' is not assignable to type 'ViewStyle'.
  Types of property 'filter' are incompatible.
    Type '{ <S extends { width: number; height: number; backgroundColor: string; borderRadius: number; borderWidth: number; borderColor: string; justifyContent: "center"; alignItems: "center"; gap: number; } | { ...; }>(predicate: (value: { ...; } | { ...; }, index: number, array: ({ ...; } | { ...; })[]) => value is S, thisA...' is not assignable to type 'string | readonly FilterFunction[] | undefined'.
components/PlayerDashboard.tsx(1446,26): error TS2322: Type '({ width: number; height: number; backgroundColor: string; borderRadius: number; borderWidth: number; borderColor: string; justifyContent: "center"; alignItems: "center"; gap: number; } | { backgroundColor: string; borderColor: string; })[]' is not assignable to type 'ViewStyle'.
  Types of property 'filter' are incompatible.
    Type '{ <S extends { width: number; height: number; backgroundColor: string; borderRadius: number; borderWidth: number; borderColor: string; justifyContent: "center"; alignItems: "center"; gap: number; } | { ...; }>(predicate: (value: { ...; } | { ...; }, index: number, array: ({ ...; } | { ...; })[]) => value is S, thisA...' is not assignable to type 'string | readonly FilterFunction[] | undefined'.
reference/web-admin/volleybrain-admin/supabase/functions/notification-cron/index.ts(15,30): error TS2307: Cannot find module 'https://esm.sh/@supabase/supabase-js@2' or its corresponding type declarations.
reference/web-admin/volleybrain-admin/supabase/functions/notification-cron/index.ts(18,3): error TS2304: Cannot find name 'Deno'.
reference/web-admin/volleybrain-admin/supabase/functions/notification-cron/index.ts(19,3): error TS2304: Cannot find name 'Deno'.
reference/web-admin/volleybrain-admin/supabase/functions/notification-cron/index.ts(22,1): error TS2304: Cannot find name 'Deno'.
reference/web-admin/volleybrain-admin/supabase/functions/notification-cron/index.ts(22,19): error TS7006: Parameter 'req' implicitly has an 'any' type.
reference/web-admin/volleybrain-admin/supabase/functions/notification-cron/index.ts(80,31): error TS18046: 'error' is of type 'unknown'.
reference/web-admin/volleybrain-admin/supabase/functions/push/index.ts(14,30): error TS2307: Cannot find module 'https://esm.sh/@supabase/supabase-js@2' or its corresponding type declarations.
reference/web-admin/volleybrain-admin/supabase/functions/push/index.ts(16,27): error TS2304: Cannot find name 'Deno'.
reference/web-admin/volleybrain-admin/supabase/functions/push/index.ts(39,3): error TS2304: Cannot find name 'Deno'.
reference/web-admin/volleybrain-admin/supabase/functions/push/index.ts(40,3): error TS2304: Cannot find name 'Deno'.
reference/web-admin/volleybrain-admin/supabase/functions/push/index.ts(43,1): error TS2304: Cannot find name 'Deno'.
reference/web-admin/volleybrain-admin/supabase/functions/push/index.ts(43,19): error TS7006: Parameter 'req' implicitly has an 'any' type.
reference/web-admin/volleybrain-admin/supabase/functions/push/index.ts(88,34): error TS7006: Parameter 't' implicitly has an 'any' type.
reference/web-admin/volleybrain-admin/supabase/functions/push/index.ts(139,43): error TS7006: Parameter '_' implicitly has an 'any' type.
reference/web-admin/volleybrain-admin/supabase/functions/push/index.ts(139,46): error TS7006: Parameter 'i' implicitly has an 'any' type.
reference/web-admin/volleybrain-admin/supabase/functions/push/index.ts(172,31): error TS18046: 'error' is of type 'unknown'.
reference/web-admin/volleybrain-admin/supabase/functions/send-payment-reminder/index.ts(11,23): error TS2307: Cannot find module 'https://deno.land/std@0.168.0/http/server.ts' or its corresponding type declarations.
reference/web-admin/volleybrain-admin/supabase/functions/send-payment-reminder/index.ts(12,30): error TS2307: Cannot find module 'https://esm.sh/@supabase/supabase-js@2' or its corresponding type declarations.
reference/web-admin/volleybrain-admin/supabase/functions/send-payment-reminder/index.ts(14,24): error TS2304: Cannot find name 'Deno'.
reference/web-admin/volleybrain-admin/supabase/functions/send-payment-reminder/index.ts(15,20): error TS2304: Cannot find name 'Deno'.
reference/web-admin/volleybrain-admin/supabase/functions/send-payment-reminder/index.ts(234,14): error TS7006: Parameter 'req' implicitly has an 'any' type.
reference/web-admin/volleybrain-admin/supabase/functions/send-payment-reminder/index.ts(237,25): error TS2304: Cannot find name 'Deno'.
reference/web-admin/volleybrain-admin/supabase/functions/send-payment-reminder/index.ts(238,25): error TS2304: Cannot find name 'Deno'.
reference/web-admin/volleybrain-admin/supabase/functions/stripe-create-checkout/index.ts(1,23): error TS2307: Cannot find module 'https://deno.land/std@0.168.0/http/server.ts' or its corresponding type declarations.
reference/web-admin/volleybrain-admin/supabase/functions/stripe-create-checkout/index.ts(2,20): error TS2307: Cannot find module 'https://esm.sh/stripe@13.10.0?target=deno' or its corresponding type declarations.
reference/web-admin/volleybrain-admin/supabase/functions/stripe-create-checkout/index.ts(4,27): error TS2304: Cannot find name 'Deno'.
reference/web-admin/volleybrain-admin/supabase/functions/stripe-create-checkout/index.ts(14,14): error TS7006: Parameter 'req' implicitly has an 'any' type.
reference/web-admin/volleybrain-admin/supabase/functions/stripe-create-checkout/index.ts(58,31): error TS18046: 'error' is of type 'unknown'.
reference/web-admin/volleybrain-admin/supabase/functions/stripe-create-payment-intent/index.ts(1,23): error TS2307: Cannot find module 'https://deno.land/std@0.168.0/http/server.ts' or its corresponding type declarations.
reference/web-admin/volleybrain-admin/supabase/functions/stripe-create-payment-intent/index.ts(2,20): error TS2307: Cannot find module 'https://esm.sh/stripe@13.10.0?target=deno' or its corresponding type declarations.
reference/web-admin/volleybrain-admin/supabase/functions/stripe-create-payment-intent/index.ts(4,27): error TS2304: Cannot find name 'Deno'.
reference/web-admin/volleybrain-admin/supabase/functions/stripe-create-payment-intent/index.ts(14,14): error TS7006: Parameter 'req' implicitly has an 'any' type.
reference/web-admin/volleybrain-admin/supabase/functions/stripe-create-payment-intent/index.ts(49,31): error TS18046: 'error' is of type 'unknown'.
reference/web-admin/volleybrain-admin/supabase/functions/stripe-test-connection/index.ts(1,23): error TS2307: Cannot find module 'https://deno.land/std@0.168.0/http/server.ts' or its corresponding type declarations.
reference/web-admin/volleybrain-admin/supabase/functions/stripe-test-connection/index.ts(8,14): error TS7006: Parameter 'req' implicitly has an 'any' type.
reference/web-admin/volleybrain-admin/supabase/functions/stripe-test-connection/index.ts(14,23): error TS2304: Cannot find name 'Deno'.
reference/web-admin/volleybrain-admin/supabase/functions/stripe-test-connection/index.ts(60,49): error TS18046: 'error' is of type 'unknown'.
reference/web-admin/volleybrain-admin/supabase/functions/stripe-webhook/index.ts(1,23): error TS2307: Cannot find module 'https://deno.land/std@0.168.0/http/server.ts' or its corresponding type declarations.
reference/web-admin/volleybrain-admin/supabase/functions/stripe-webhook/index.ts(2,20): error TS2307: Cannot find module 'https://esm.sh/stripe@13.10.0?target=deno' or its corresponding type declarations.
reference/web-admin/volleybrain-admin/supabase/functions/stripe-webhook/index.ts(3,30): error TS2307: Cannot find module 'https://esm.sh/@supabase/supabase-js@2' or its corresponding type declarations.
reference/web-admin/volleybrain-admin/supabase/functions/stripe-webhook/index.ts(5,27): error TS2304: Cannot find name 'Deno'.
reference/web-admin/volleybrain-admin/supabase/functions/stripe-webhook/index.ts(10,21): error TS2304: Cannot find name 'Deno'.
reference/web-admin/volleybrain-admin/supabase/functions/stripe-webhook/index.ts(11,28): error TS2304: Cannot find name 'Deno'.
reference/web-admin/volleybrain-admin/supabase/functions/stripe-webhook/index.ts(12,23): error TS2304: Cannot find name 'Deno'.
reference/web-admin/volleybrain-admin/supabase/functions/stripe-webhook/index.ts(14,14): error TS7006: Parameter 'req' implicitly has an 'any' type.
